ViperLang standard library test content.